[backblue.gif]
[fade.gif]
[index.html]
[www.voltacademy.it/index.html]
[www.voltacademy.it/home/index.html]
[www.voltacademy.it/assets/img/logo_volt.png]
[www.voltacademy.it/assets/img/apple-touch-icon.html]
[www.voltacademy.it/assets/vendor/bootstrap/css/bootstrap.min.css]
[www.voltacademy.it/assets/vendor/icofont/icofont.min.css]
[www.voltacademy.it/assets/vendor/boxicons/css/boxicons.min.css]
[www.voltacademy.it/assets/vendor/animate.css/animate.min.css]
[www.voltacademy.it/assets/vendor/venobox/venobox.css]
[www.voltacademy.it/assets/vendor/owl.carousel/assets/owl.carousel.min.css]
[www.voltacademy.it/assets/css/all.min.css]
[code.iconify.design/2/2.2.1/iconify.min.js]
[www.voltacademy.it/assets/css/style.css]
[www.voltacademy.it/assets/img/volt_scritta.png]
[www.voltacademy.it/assets/img/SfondoVuoto.png]
[www.voltacademy.it/assets/img/animato_volt.gif]
[www.voltacademy.it/Novita/index.html]
[www.voltacademy.it/assets/img/bannerlungo.png]
[www.voltacademy.it/assets/vendor/jquery/jquery.min.js]
[www.voltacademy.it/assets/vendor/bootstrap/js/bootstrap.bundle.min.js]
[www.voltacademy.it/assets/vendor/jquery.easing/jquery.easing.min.js]
[www.voltacademy.it/Regolamento/index.html]
[www.voltacademy.it/assets/vendor/php-email-form/validate.js]
[www.voltacademy.it/assets/vendor/waypoints/jquery.waypoints.min.js]
[www.voltacademy.it/assets/vendor/counterup/counterup.min.js]
[www.voltacademy.it/home/Regolamento/index.html]
[www.voltacademy.it/assets/vendor/isotope-layout/isotope.pkgd.min.js]
[www.voltacademy.it/assets/vendor/venobox/venobox.min.js]
[www.voltacademy.it/assets/vendor/owl.carousel/owl.carousel.min.js]
[www.voltacademy.it/home/index.html]
[www.voltacademy.it/assets/img/apple-touch-icon.html]
[www.voltacademy.it/assets/vendor/bootstrap/css/bootstrap.min.css]
[www.voltacademy.it/assets/js/main.js]
[www.voltacademy.it/assets/vendor/icofont/fonts/icofont.woff2]
[www.voltacademy.it/assets/vendor/icofont/icofont.min.css]
[www.voltacademy.it/assets/vendor/icofont/fonts/icofont.woff]
[www.voltacademy.it/assets/vendor/boxicons/fonts/boxicons.eot]
[www.voltacademy.it/assets/vendor/boxicons/fonts/boxicons.woff2]
[www.voltacademy.it/assets/vendor/boxicons/fonts/boxicons.woff]
[www.voltacademy.it/assets/vendor/boxicons/fonts/boxicons.ttf]
[www.voltacademy.it/assets/vendor/boxicons/css/boxicons.min.css]
[www.voltacademy.it/assets/vendor/animate.css/animate.min.css]
[www.voltacademy.it/assets/vendor/venobox/venobox.css]
[www.voltacademy.it/assets/vendor/boxicons/fonts/boxiconsd41dd41d.svg]
[www.voltacademy.it/assets/vendor/owl.carousel/assets/owl.video.play.png]
[www.voltacademy.it/assets/vendor/owl.carousel/assets/owl.carousel.min.css]
[www.voltacademy.it/assets/css/all.min.css]
[www.voltacademy.it/assets/ethnocentric]
[www.voltacademy.it/assets//assets/img/animato_volt.gif]
[www.voltacademy.it/assets/css/assets/img/SfondoVuoto.png]
[www.voltacademy.it/assets/css/style.css]
[www.voltacademy.it/Novita/cfx.re/join/b3oz3p]
[www.voltacademy.it/Home/index-2.html]
[www.voltacademy.it/Social/index.html]
[media.discordapp.net/attachments/953713022839431239/1007271439327559780/VoltAcademy_ZonaFreeroam.png]
[media.discordapp.net/attachments/953713022839431239/1007789293651099678/VoltAcademy_CoinSystem.png]
[media.discordapp.net/attachments/953713022839431239/1007789293126815774/VoltAcademy_BattlePass.png]
[media.discordapp.net/attachments/953713022839431239/1007096667843088516/AIRDROP.png]
[media.discordapp.net/attachments/953713022839431239/1007083720399925318/VoltAcademy_LobbyGames.png]
[www.voltacademy.it/Novita/assets/vendor/jquery/jquery.min.js]
[www.voltacademy.it/Novita/assets/vendor/bootstrap/js/bootstrap.bundle.min.js]
[www.voltacademy.it/Novita/assets/vendor/jquery.easing/jquery.easing.min.js]
[www.voltacademy.it/Novita/assets/vendor/php-email-form/validate.js]
[www.voltacademy.it/Novita/assets/vendor/waypoints/jquery.waypoints.min.js]
[www.voltacademy.it/Novita/assets/vendor/counterup/counterup.min.js]
[www.voltacademy.it/Novita/assets/vendor/isotope-layout/isotope.pkgd.min.js]
[www.voltacademy.it/Novita/assets/vendor/venobox/venobox.min.js]
[www.voltacademy.it/Novita/assets/vendor/owl.carousel/owl.carousel.min.js]
[www.voltacademy.it/Novita/assets/js/main.js]
[www.voltacademy.it/Novita/index.html]
[cdnjs.cloudflare.com/ajax/libs/modernizr/2.8.3/modernizr.min.js]
[www.voltacademy.it/Regolamento/cfx.re/join/b3oz3p]
[www.voltacademy.it/assets/img/voltacademy_animato.gif]
[www.voltacademy.it/Regolamento/assets/vendor/jquery/jquery.min.js]
[www.voltacademy.it/Regolamento/assets/vendor/bootstrap/js/bootstrap.bundle.min.js]
[www.voltacademy.it/Regolamento/assets/vendor/jquery.easing/jquery.easing.min.js]
[www.voltacademy.it/Regolamento/assets/vendor/php-email-form/validate.js]
[www.voltacademy.it/Regolamento/assets/vendor/waypoints/jquery.waypoints.min.js]
[www.voltacademy.it/Regolamento/assets/vendor/counterup/counterup.min.js]
[www.voltacademy.it/Regolamento/assets/vendor/isotope-layout/isotope.pkgd.min.js]
[www.voltacademy.it/Regolamento/assets/vendor/venobox/venobox.min.js]
[www.voltacademy.it/Regolamento/assets/vendor/owl.carousel/owl.carousel.min.js]
[www.voltacademy.it/Regolamento/assets/js/main.js]
[www.voltacademy.it/Regolamento/index.html]
[www.voltacademy.it/home/Regolamento/index.html]
[www.voltacademy.it/assets/vendor/boxicons/fonts/boxiconsd41dd41d.svg]
[www.voltacademy.it/assets/ethnocentric.html]
[www.voltacademy.it/assets//assets/img/animato_volt.html]
[www.voltacademy.it/assets/css/assets/img/SfondoVuoto.html]
[www.voltacademy.it/Home/index-2.html]
[www.voltacademy.it/Social/index.html]
[www.voltacademy.it/Novita/cfx.re/join/b3oz3p.html]
[www.voltacademy.it/Novita/assets/vendor/jquery/jquery.min.html]
[www.voltacademy.it/Novita/assets/vendor/bootstrap/js/bootstrap.bundle.min.html]
[www.voltacademy.it/Novita/assets/vendor/jquery.easing/jquery.easing.min.html]
[www.voltacademy.it/Novita/assets/vendor/php-email-form/validate.html]
[www.voltacademy.it/Novita/assets/vendor/waypoints/jquery.waypoints.min.html]
[www.voltacademy.it/Novita/assets/vendor/counterup/counterup.min.html]
[www.voltacademy.it/Novita/assets/vendor/isotope-layout/isotope.pkgd.min.html]
[www.voltacademy.it/Novita/assets/vendor/venobox/venobox.min.html]
[www.voltacademy.it/Novita/assets/vendor/owl.carousel/owl.carousel.min.html]
[www.voltacademy.it/Novita/assets/js/main.html]
[www.voltacademy.it/Regolamento/cfx.re/join/b3oz3p.html]
[www.voltacademy.it/Regolamento/assets/vendor/jquery/jquery.min.html]
[www.voltacademy.it/Regolamento/assets/vendor/bootstrap/js/bootstrap.bundle.min.html]
[www.voltacademy.it/Regolamento/assets/vendor/jquery.easing/jquery.easing.min.html]
[www.voltacademy.it/Regolamento/assets/vendor/php-email-form/validate.html]
[www.voltacademy.it/Regolamento/assets/vendor/waypoints/jquery.waypoints.min.html]
[www.voltacademy.it/Regolamento/assets/vendor/counterup/counterup.min.html]
[www.voltacademy.it/Regolamento/assets/vendor/isotope-layout/isotope.pkgd.min.html]
[www.voltacademy.it/Regolamento/assets/vendor/venobox/venobox.min.html]
[www.voltacademy.it/Regolamento/assets/vendor/owl.carousel/owl.carousel.min.html]
[www.voltacademy.it/Regolamento/assets/js/main.html]
[www.voltacademy.it/Home/Regolamento/index-2.html]
[www.voltacademy.it/Home/Regolamento/index-2.html]
